// Jest Snapshot v1, https://goo.gl/fbAQLP

exports[`Abc component tests matches snapshot 1`] = `
<div>
  <div>
    Abc
  </div>
</div>
`;
