// Jest Snapshot v1, https://goo.gl/fbAQLP

exports[`Error component tests matches snapshot 1`] = `
<div>
  <div>
    error
  </div>
</div>
`;
