// Jest Snapshot v1, https://goo.gl/fbAQLP

exports[`Home Page Tests matches snapshot 1`] = `
<div>
  <div>
    Home
    <div
      data-testid="library-button"
    >
      Library Button
    </div>
    <div
      data-testid="custom-button"
    >
      Custom Button
    </div>
    <div
      data-testid="react-icon"
    >
      React Icon
    </div>
  </div>
</div>
`;
