// Jest Snapshot v1, https://goo.gl/fbAQLP

exports[`NotFound component tests matches snapshot 1`] = `
<div>
  <div>
    404
  </div>
</div>
`;
